{"level":"warn","ts":1783227428.696356,"msg":"\n    ______           __     _   __      __          _____\n   / ____/___ ______/ /_   / | / /___  / /____     / ___/__  ______  _____\n  / /_  / __  / ___/ __/  /  |/ / __ \\/ __/ _ \\    \\__ \\/ / / / __ \\/ ___/\n / __/ / /_/ (__  ) /_   / /|  / /_/ / /_/  __/   ___/ / /_/ / / / / /__\n/_/    \\__,_/____/\\__/  /_/ |_/\\____/\\__/\\___/   /____/\\__, /_/ /_/\\___/\n                                                      /____/              \n\nFast Note Sync Service v3.5.1\nGit: b6b45663\nBuildTime: 2026-07-03T04:39:11+0000\n"}
{"level":"warn","ts":1783227428.6975393,"msg":"config loaded","path":"/fast-note-sync/config/config.yaml"}
{"level":"warn","ts":1783227428.6987522,"msg":"api_router","config.server.HttpPort":":9000"}
{"level":"warn","ts":1783227595.066516,"msg":"\n    ______           __     _   __      __          _____\n   / ____/___ ______/ /_   / | / /___  / /____     / ___/__  ______  _____\n  / /_  / __  / ___/ __/  /  |/ / __ \\/ __/ _ \\    \\__ \\/ / / / __ \\/ ___/\n / __/ / /_/ (__  ) /_   / /|  / /_/ / /_/  __/   ___/ / /_/ / / / / /__\n/_/    \\__,_/____/\\__/  /_/ |_/\\____/\\__/\\___/   /____/\\__, /_/ /_/\\___/\n                                                      /____/              \n\nFast Note Sync Service v3.5.1\nGit: b6b45663\nBuildTime: 2026-07-03T04:39:11+0000\n"}
{"level":"warn","ts":1783227595.068049,"msg":"config loaded","path":"/fast-note-sync/config/config.yaml"}
{"level":"warn","ts":1783227595.0690064,"msg":"api_router","config.server.HttpPort":":9000"}
{"level":"warn","ts":1783227598.0725965,"msg":"check_version: primary source failed, falling back","githubFirst":true,"isService":true,"error":"Get \"https://api.github.com/repos/haierkeys/fast-note-sync-service/releases\": dial tcp 127.0.0.1:443: connect: connection refused"}
{"level":"warn","ts":1783227598.0782635,"msg":"Failed to fetch support records","lang":"en","url":"https://raw.githubusercontent.com/haierkeys/fast-note-sync-service/refs/heads/master/docs/Support.en.json","error":"Get \"https://raw.githubusercontent.com/haierkeys/fast-note-sync-service/refs/heads/master/docs/Support.en.json\": dial tcp 127.0.0.1:443: connect: connection refused"}
{"level":"warn","ts":1783227598.082422,"msg":"Failed to fetch support records","lang":"ja","url":"https://raw.githubusercontent.com/haierkeys/fast-note-sync-service/refs/heads/master/docs/Support.ja.json","error":"Get \"https://raw.githubusercontent.com/haierkeys/fast-note-sync-service/refs/heads/master/docs/Support.ja.json\": dial tcp 127.0.0.1:443: connect: connection refused"}
{"level":"warn","ts":1783227598.0864582,"msg":"Failed to fetch support records","lang":"ko","url":"https://raw.githubusercontent.com/haierkeys/fast-note-sync-service/refs/heads/master/docs/Support.ko.json","error":"Get \"https://raw.githubusercontent.com/haierkeys/fast-note-sync-service/refs/heads/master/docs/Support.ko.json\": dial tcp 127.0.0.1:443: connect: connection refused"}
{"level":"warn","ts":1783227598.0905223,"msg":"Failed to fetch support records","lang":"zh-cn","url":"https://raw.githubusercontent.com/haierkeys/fast-note-sync-service/refs/heads/master/docs/Support.zh-CN.json","error":"Get \"https://raw.githubusercontent.com/haierkeys/fast-note-sync-service/refs/heads/master/docs/Support.zh-CN.json\": dial tcp 127.0.0.1:443: connect: connection refused"}
{"level":"warn","ts":1783227598.0945482,"msg":"Failed to fetch support records","lang":"zh-tw","url":"https://raw.githubusercontent.com/haierkeys/fast-note-sync-service/refs/heads/master/docs/Support.zh-TW.json","error":"Get \"https://raw.githubusercontent.com/haierkeys/fast-note-sync-service/refs/heads/master/docs/Support.zh-TW.json\": dial tcp 127.0.0.1:443: connect: connection refused"}
{"level":"error","ts":1783227606.0721598,"msg":"task running error","name":"check_version","startupRun":true,"error":"fetch service releases: both sources failed (primary err fallback): Get \"https://api.cnb.cool/haierkeys/fast-note-sync-service/-/releases\": context deadline exceeded (Client.Timeout exceeded while awaiting headers)"}
{"level":"error","ts":1783227628.9731843,"msg":"websocket_router.file.FileDelete.Delete","error":"record not found","traceId":"b1d3dea9-6f28-4904-a1f7-9bae51771ee2"}
{"level":"error","ts":1783227630.294932,"msg":"websocket_router.file.FileUploadChunkBinary","error":"session not found: b87a90d5-a5bd-4309-88b7-f10f5ac48de1","traceId":"b1d3dea9-6f28-4904-a1f7-9bae51771ee2"}
{"level":"error","ts":1783227630.2951007,"msg":"websocket_router.file.FileUploadChunkBinary","error":"session not found: 6b91e67f-31a8-400b-80dd-fb6cdd0869ce","traceId":"b1d3dea9-6f28-4904-a1f7-9bae51771ee2"}
{"level":"error","ts":1783227630.321443,"msg":"websocket_router.file.FileUploadChunkBinary","error":"session not found: da8c5add-ba58-41dc-b1bb-441581d6769d","traceId":"b1d3dea9-6f28-4904-a1f7-9bae51771ee2"}
{"level":"error","ts":1783227631.8146634,"msg":"websocket_router.file.FileUploadChunkBinary","error":"session not found: ea4dc60d-9e52-45fe-a2bd-422c8704ad2a","traceId":"b1d3dea9-6f28-4904-a1f7-9bae51771ee2"}
{"level":"error","ts":1783227631.8157737,"msg":"websocket_router.file.FileUploadChunkBinary","error":"session not found: 88a752b7-6a50-418c-b9ce-48eb10c81234","traceId":"b1d3dea9-6f28-4904-a1f7-9bae51771ee2"}
{"level":"error","ts":1783227631.815442,"msg":"websocket_router.file.FileUploadChunkBinary","error":"session not found: 88a752b7-6a50-418c-b9ce-48eb10c81234","traceId":"b1d3dea9-6f28-4904-a1f7-9bae51771ee2"}
{"level":"error","ts":1783227632.0119495,"msg":"websocket_router.file.FileUploadChunkBinary","error":"session not found: 7eb1b59c-87f3-43c1-9581-333673d7e40d","traceId":"b1d3dea9-6f28-4904-a1f7-9bae51771ee2"}
{"level":"error","ts":1783227632.0126572,"msg":"websocket_router.file.FileUploadChunkBinary","error":"session not found: 7eb1b59c-87f3-43c1-9581-333673d7e40d","traceId":"b1d3dea9-6f28-4904-a1f7-9bae51771ee2"}
{"level":"error","ts":1783227633.4070098,"msg":"websocket_router.file.FileUploadChunkBinary","error":"session not found: e2277695-54f4-4b99-8e3d-b1b8bf4ba6c0","traceId":"b1d3dea9-6f28-4904-a1f7-9bae51771ee2"}
{"level":"error","ts":1783227633.408301,"msg":"websocket_router.file.FileUploadChunkBinary","error":"session not found: e2277695-54f4-4b99-8e3d-b1b8bf4ba6c0","traceId":"b1d3dea9-6f28-4904-a1f7-9bae51771ee2"}
{"level":"error","ts":1783227633.8746297,"msg":"websocket_router.file.FileUploadChunkBinary","error":"session not found: 57349eb1-1d70-4cfd-b0d6-b776405b85ee","traceId":"b1d3dea9-6f28-4904-a1f7-9bae51771ee2"}
{"level":"error","ts":1783227633.8757064,"msg":"websocket_router.file.FileUploadChunkBinary","error":"session not found: 57349eb1-1d70-4cfd-b0d6-b776405b85ee","traceId":"b1d3dea9-6f28-4904-a1f7-9bae51771ee2"}
{"level":"error","ts":1783227633.8754587,"msg":"websocket_router.file.FileUploadChunkBinary","error":"session not found: 57349eb1-1d70-4cfd-b0d6-b776405b85ee","traceId":"b1d3dea9-6f28-4904-a1f7-9bae51771ee2"}
{"level":"error","ts":1783227634.584183,"msg":"websocket_router.file.FileUploadChunkBinary","error":"session not found: 1a104f40-a90c-48b4-9d22-3e878699e851","traceId":"b1d3dea9-6f28-4904-a1f7-9bae51771ee2"}
{"level":"error","ts":1783227634.5864928,"msg":"websocket_router.file.FileUploadChunkBinary","error":"session not found: 1a104f40-a90c-48b4-9d22-3e878699e851","traceId":"b1d3dea9-6f28-4904-a1f7-9bae51771ee2"}
{"level":"error","ts":1783227634.58857,"msg":"websocket_router.file.FileUploadChunkBinary","error":"session not found: 1a104f40-a90c-48b4-9d22-3e878699e851","traceId":"b1d3dea9-6f28-4904-a1f7-9bae51771ee2"}
{"level":"error","ts":1783227635.31495,"msg":"websocket_router.file.FileUploadChunkBinary","error":"session not found: 332833e3-1e3f-41a2-91b7-9f62d46ff900","traceId":"b1d3dea9-6f28-4904-a1f7-9bae51771ee2"}
{"level":"error","ts":1783227635.315568,"msg":"websocket_router.file.FileUploadChunkBinary","error":"session not found: 332833e3-1e3f-41a2-91b7-9f62d46ff900","traceId":"b1d3dea9-6f28-4904-a1f7-9bae51771ee2"}
{"level":"error","ts":1783227635.8145003,"msg":"websocket_router.file.FileUploadChunkBinary","error":"session not found: 1f2c753b-97c9-46a7-b426-fa6b35b6b8a8","traceId":"b1d3dea9-6f28-4904-a1f7-9bae51771ee2"}
{"level":"error","ts":1783227635.815485,"msg":"websocket_router.file.FileUploadChunkBinary","error":"session not found: 1f2c753b-97c9-46a7-b426-fa6b35b6b8a8","traceId":"b1d3dea9-6f28-4904-a1f7-9bae51771ee2"}
{"level":"error","ts":1783227635.8174613,"msg":"websocket_router.file.FileUploadChunkBinary","error":"session not found: 3dd5663f-0b21-45be-ae6d-0376769f4e34","traceId":"b1d3dea9-6f28-4904-a1f7-9bae51771ee2"}
{"level":"error","ts":1783227635.8174992,"msg":"websocket_router.file.FileUploadChunkBinary","error":"session not found: 1f2c753b-97c9-46a7-b426-fa6b35b6b8a8","traceId":"b1d3dea9-6f28-4904-a1f7-9bae51771ee2"}
{"level":"error","ts":1783227635.817532,"msg":"websocket_router.file.FileUploadChunkBinary","error":"session not found: 4f0c56fb-8b8c-49f6-85dc-5d3aff4e91e3","traceId":"b1d3dea9-6f28-4904-a1f7-9bae51771ee2"}
{"level":"error","ts":1783227635.8955762,"msg":"websocket_router.file.FileUploadChunkBinary","error":"session not found: 763a9a96-d1f5-450f-abae-347cb91abdce","traceId":"b1d3dea9-6f28-4904-a1f7-9bae51771ee2"}
{"level":"error","ts":1783227635.897078,"msg":"websocket_router.file.FileUploadChunkBinary","error":"session not found: 763a9a96-d1f5-450f-abae-347cb91abdce","traceId":"b1d3dea9-6f28-4904-a1f7-9bae51771ee2"}
{"level":"error","ts":1783227635.8990622,"msg":"websocket_router.file.FileUploadChunkBinary","error":"session not found: 763a9a96-d1f5-450f-abae-347cb91abdce","traceId":"b1d3dea9-6f28-4904-a1f7-9bae51771ee2"}
{"level":"error","ts":1783227636.6662714,"msg":"websocket_router.file.FileUploadChunkBinary","error":"session not found: 84609611-8161-4445-b82b-809f8a013251","traceId":"b1d3dea9-6f28-4904-a1f7-9bae51771ee2"}
{"level":"error","ts":1783227636.8148599,"msg":"websocket_router.file.FileUploadChunkBinary","error":"session not found: 4a2ed655-cfed-4849-99d4-e7d89aaa3d96","traceId":"b1d3dea9-6f28-4904-a1f7-9bae51771ee2"}
{"level":"error","ts":1783227636.8711097,"msg":"websocket_router.file.FileUploadChunkBinary","error":"session not found: fb04508d-6476-4a05-a349-7c7b4e10bf3e","traceId":"b1d3dea9-6f28-4904-a1f7-9bae51771ee2"}
{"level":"error","ts":1783227638.4116018,"msg":"websocket_router.file.FileUploadChunkBinary","error":"session not found: 101273c6-031d-48d4-9317-5995bc36e402","traceId":"b1d3dea9-6f28-4904-a1f7-9bae51771ee2"}
{"level":"error","ts":1783227638.5380874,"msg":"websocket_router.file.FileUploadChunkBinary","error":"session not found: 84609611-8161-4445-b82b-809f8a013251","traceId":"b1d3dea9-6f28-4904-a1f7-9bae51771ee2"}
{"level":"error","ts":1783227638.5387957,"msg":"websocket_router.file.FileUploadChunkBinary","error":"session not found: 26473a56-030f-4b23-bbad-bde8592284a8","traceId":"b1d3dea9-6f28-4904-a1f7-9bae51771ee2"}
{"level":"error","ts":1783227639.3637555,"msg":"websocket_router.file.FileUploadChunkBinary","error":"session not found: 84609611-8161-4445-b82b-809f8a013251","traceId":"b1d3dea9-6f28-4904-a1f7-9bae51771ee2"}
{"level":"error","ts":1783227640.4108949,"msg":"websocket_router.file.FileUploadChunkBinary","error":"session not found: cc9f67db-b474-4757-a46c-951c9c4f0fee","traceId":"b1d3dea9-6f28-4904-a1f7-9bae51771ee2"}
{"level":"error","ts":1783227640.4109387,"msg":"websocket_router.file.FileUploadChunkBinary","error":"session not found: 1c4cb0d1-cbc6-4cb4-b201-3c64dfa29338","traceId":"b1d3dea9-6f28-4904-a1f7-9bae51771ee2"}
{"level":"error","ts":1783227640.4314792,"msg":"websocket_router.file.FileUploadChunkBinary","error":"session not found: cc9f67db-b474-4757-a46c-951c9c4f0fee","traceId":"b1d3dea9-6f28-4904-a1f7-9bae51771ee2"}
{"level":"error","ts":1783227640.5824974,"msg":"websocket_router.file.FileUploadChunkBinary","error":"session not found: 475a6976-df88-4902-85c2-fb3f217f859f","traceId":"b1d3dea9-6f28-4904-a1f7-9bae51771ee2"}
{"level":"error","ts":1783227640.9551578,"msg":"websocket_router.file.FileUploadChunkBinary","error":"session not found: 943d2e44-539f-4758-9ea0-9093a057feff","traceId":"b1d3dea9-6f28-4904-a1f7-9bae51771ee2"}
{"level":"error","ts":1783227641.363854,"msg":"websocket_router.file.FileUploadChunkBinary","error":"session not found: 943d2e44-539f-4758-9ea0-9093a057feff","traceId":"b1d3dea9-6f28-4904-a1f7-9bae51771ee2"}
{"level":"error","ts":1783227641.5183852,"msg":"websocket_router.file.FileUploadChunkBinary","error":"session not found: 475a6976-df88-4902-85c2-fb3f217f859f","traceId":"b1d3dea9-6f28-4904-a1f7-9bae51771ee2"}
{"level":"error","ts":1783227641.5207458,"msg":"websocket_router.file.FileDelete.Delete","error":"record not found","traceId":"b1d3dea9-6f28-4904-a1f7-9bae51771ee2"}
{"level":"error","ts":1783227641.5887403,"msg":"websocket_router.file.FileUploadChunkBinary","error":"session not found: 943d2e44-539f-4758-9ea0-9093a057feff","traceId":"b1d3dea9-6f28-4904-a1f7-9bae51771ee2"}
{"level":"error","ts":1783227641.5901093,"msg":"websocket_router.file.FileUploadChunkBinary","error":"session not found: 943d2e44-539f-4758-9ea0-9093a057feff","traceId":"b1d3dea9-6f28-4904-a1f7-9bae51771ee2"}
{"level":"error","ts":1783227641.590926,"msg":"websocket_router.file.FileUploadChunkBinary","error":"session not found: 943d2e44-539f-4758-9ea0-9093a057feff","traceId":"b1d3dea9-6f28-4904-a1f7-9bae51771ee2"}
{"level":"error","ts":1783227642.5367327,"msg":"websocket_router.file.FileUploadChunkBinary","error":"session not found: 475a6976-df88-4902-85c2-fb3f217f859f","traceId":"b1d3dea9-6f28-4904-a1f7-9bae51771ee2"}
{"level":"error","ts":1783227642.5373309,"msg":"websocket_router.file.FileUploadChunkBinary","error":"session not found: 943d2e44-539f-4758-9ea0-9093a057feff","traceId":"b1d3dea9-6f28-4904-a1f7-9bae51771ee2"}
{"level":"error","ts":1783227642.54652,"msg":"websocket_router.file.FileUploadChunkBinary","error":"session not found: 943d2e44-539f-4758-9ea0-9093a057feff","traceId":"b1d3dea9-6f28-4904-a1f7-9bae51771ee2"}
{"level":"error","ts":1783227642.5984807,"msg":"websocket_router.file.FileUploadChunkBinary","error":"session not found: 943d2e44-539f-4758-9ea0-9093a057feff","traceId":"b1d3dea9-6f28-4904-a1f7-9bae51771ee2"}
{"level":"error","ts":1783227642.6017315,"msg":"websocket_router.file.FileDelete.Delete","error":"record not found","traceId":"b1d3dea9-6f28-4904-a1f7-9bae51771ee2"}
{"level":"error","ts":1783227643.4115613,"msg":"websocket_router.file.FileUploadChunkBinary","error":"session not found: 943d2e44-539f-4758-9ea0-9093a057feff","traceId":"b1d3dea9-6f28-4904-a1f7-9bae51771ee2"}
{"level":"error","ts":1783227643.4716547,"msg":"websocket_router.file.FileUploadChunkBinary","error":"session not found: 943d2e44-539f-4758-9ea0-9093a057feff","traceId":"b1d3dea9-6f28-4904-a1f7-9bae51771ee2"}
{"level":"error","ts":1783227644.3064787,"msg":"websocket_router.file.FileUploadChunkBinary","error":"session not found: 79ce0830-38c9-42c9-b0cd-032d8fccf139","traceId":"b1d3dea9-6f28-4904-a1f7-9bae51771ee2"}
{"level":"error","ts":1783227644.501962,"msg":"websocket_router.file.FileUploadChunkBinary","error":"session not found: 943d2e44-539f-4758-9ea0-9093a057feff","traceId":"b1d3dea9-6f28-4904-a1f7-9bae51771ee2"}
{"level":"error","ts":1783227644.5062432,"msg":"websocket_router.file.FileUploadChunkBinary","error":"session not found: 3b245a49-bfeb-432e-b944-7bf1536f4456","traceId":"b1d3dea9-6f28-4904-a1f7-9bae51771ee2"}
{"level":"error","ts":1783227644.5414112,"msg":"websocket_router.file.FileUploadChunkBinary","error":"session not found: 640a00d3-1699-4f17-8173-6aa006040bbf","traceId":"b1d3dea9-6f28-4904-a1f7-9bae51771ee2"}
{"level":"error","ts":1783227644.542094,"msg":"websocket_router.file.FileUploadChunkBinary","error":"session not found: 640a00d3-1699-4f17-8173-6aa006040bbf","traceId":"b1d3dea9-6f28-4904-a1f7-9bae51771ee2"}
{"level":"error","ts":1783227644.5431912,"msg":"websocket_router.file.FileUploadChunkBinary","error":"session not found: 640a00d3-1699-4f17-8173-6aa006040bbf","traceId":"b1d3dea9-6f28-4904-a1f7-9bae51771ee2"}
{"level":"error","ts":1783227644.5461862,"msg":"websocket_router.file.FileUploadChunkBinary","error":"session not found: 640a00d3-1699-4f17-8173-6aa006040bbf","traceId":"b1d3dea9-6f28-4904-a1f7-9bae51771ee2"}
{"level":"error","ts":1783227644.57907,"msg":"websocket_router.file.FileUploadChunkBinary","error":"session not found: 640a00d3-1699-4f17-8173-6aa006040bbf","traceId":"b1d3dea9-6f28-4904-a1f7-9bae51771ee2"}
{"level":"error","ts":1783227644.5793948,"msg":"websocket_router.file.FileUploadChunkBinary","error":"session not found: 943d2e44-539f-4758-9ea0-9093a057feff","traceId":"b1d3dea9-6f28-4904-a1f7-9bae51771ee2"}
{"level":"error","ts":1783227644.5816872,"msg":"websocket_router.file.FileUploadChunkBinary","error":"session not found: 943d2e44-539f-4758-9ea0-9093a057feff","traceId":"b1d3dea9-6f28-4904-a1f7-9bae51771ee2"}
{"level":"error","ts":1783227644.6236598,"msg":"websocket_router.file.FileUploadChunkBinary","error":"session not found: 640a00d3-1699-4f17-8173-6aa006040bbf","traceId":"b1d3dea9-6f28-4904-a1f7-9bae51771ee2"}
{"level":"error","ts":1783227644.624315,"msg":"websocket_router.file.FileUploadChunkBinary","error":"session not found: 640a00d3-1699-4f17-8173-6aa006040bbf","traceId":"b1d3dea9-6f28-4904-a1f7-9bae51771ee2"}
{"level":"error","ts":1783227644.6250274,"msg":"websocket_router.file.FileUploadChunkBinary","error":"session not found: 640a00d3-1699-4f17-8173-6aa006040bbf","traceId":"b1d3dea9-6f28-4904-a1f7-9bae51771ee2"}
{"level":"error","ts":1783227644.6703253,"msg":"websocket_router.file.FileUploadChunkBinary","error":"session not found: 79ce0830-38c9-42c9-b0cd-032d8fccf139","traceId":"b1d3dea9-6f28-4904-a1f7-9bae51771ee2"}
{"level":"error","ts":1783227645.4753613,"msg":"websocket_router.file.FileUploadChunkBinary","error":"session not found: 640a00d3-1699-4f17-8173-6aa006040bbf","traceId":"b1d3dea9-6f28-4904-a1f7-9bae51771ee2"}
{"level":"error","ts":1783227645.5007813,"msg":"websocket_router.file.FileUploadChunkBinary","error":"session not found: 640a00d3-1699-4f17-8173-6aa006040bbf","traceId":"b1d3dea9-6f28-4904-a1f7-9bae51771ee2"}
{"level":"error","ts":1783227645.5015893,"msg":"websocket_router.file.FileUploadChunkBinary","error":"session not found: 640a00d3-1699-4f17-8173-6aa006040bbf","traceId":"b1d3dea9-6f28-4904-a1f7-9bae51771ee2"}
{"level":"error","ts":1783227645.5274775,"msg":"websocket_router.file.FileUploadChunkBinary","error":"session not found: 640a00d3-1699-4f17-8173-6aa006040bbf","traceId":"b1d3dea9-6f28-4904-a1f7-9bae51771ee2"}
{"level":"error","ts":1783227645.5991347,"msg":"websocket_router.file.FileUploadChunkBinary","error":"session not found: 640a00d3-1699-4f17-8173-6aa006040bbf","traceId":"b1d3dea9-6f28-4904-a1f7-9bae51771ee2"}
{"level":"error","ts":1783227645.6014986,"msg":"websocket_router.file.FileUploadChunkBinary","error":"session not found: 640a00d3-1699-4f17-8173-6aa006040bbf","traceId":"b1d3dea9-6f28-4904-a1f7-9bae51771ee2"}
{"level":"error","ts":1783227645.6283193,"msg":"websocket_router.file.FileUploadChunkBinary","error":"session not found: 79ce0830-38c9-42c9-b0cd-032d8fccf139","traceId":"b1d3dea9-6f28-4904-a1f7-9bae51771ee2"}
{"level":"error","ts":1783227645.628952,"msg":"websocket_router.file.FileUploadChunkBinary","error":"session not found: 143b9405-bfe5-4557-86c4-3a8d7ff55274","traceId":"b1d3dea9-6f28-4904-a1f7-9bae51771ee2"}
{"level":"error","ts":1783227645.6311545,"msg":"websocket_router.file.FileUploadChunkBinary","error":"session not found: 143b9405-bfe5-4557-86c4-3a8d7ff55274","traceId":"b1d3dea9-6f28-4904-a1f7-9bae51771ee2"}
{"level":"error","ts":1783227645.6540194,"msg":"websocket_router.file.FileUploadChunkBinary","error":"session not found: 143b9405-bfe5-4557-86c4-3a8d7ff55274","traceId":"b1d3dea9-6f28-4904-a1f7-9bae51771ee2"}
{"level":"error","ts":1783227646.3588972,"msg":"websocket_router.file.FileUploadChunkBinary","error":"session not found: 640a00d3-1699-4f17-8173-6aa006040bbf","traceId":"b1d3dea9-6f28-4904-a1f7-9bae51771ee2"}
{"level":"error","ts":1783227646.3710966,"msg":"websocket_router.file.FileUploadChunkBinary","error":"session not found: 640a00d3-1699-4f17-8173-6aa006040bbf","traceId":"b1d3dea9-6f28-4904-a1f7-9bae51771ee2"}
{"level":"error","ts":1783227646.3719165,"msg":"websocket_router.file.FileUploadChunkBinary","error":"session not found: 640a00d3-1699-4f17-8173-6aa006040bbf","traceId":"b1d3dea9-6f28-4904-a1f7-9bae51771ee2"}
{"level":"error","ts":1783227646.373783,"msg":"websocket_router.file.FileUploadChunkBinary","error":"session not found: 640a00d3-1699-4f17-8173-6aa006040bbf","traceId":"b1d3dea9-6f28-4904-a1f7-9bae51771ee2"}
{"level":"error","ts":1783227646.3779912,"msg":"websocket_router.file.FileUploadChunkBinary","error":"session not found: 640a00d3-1699-4f17-8173-6aa006040bbf","traceId":"b1d3dea9-6f28-4904-a1f7-9bae51771ee2"}
{"level":"error","ts":1783227646.4166782,"msg":"websocket_router.file.FileUploadChunkBinary","error":"session not found: 143b9405-bfe5-4557-86c4-3a8d7ff55274","traceId":"b1d3dea9-6f28-4904-a1f7-9bae51771ee2"}
{"level":"error","ts":1783227646.4173524,"msg":"websocket_router.file.FileUploadChunkBinary","error":"session not found: 143b9405-bfe5-4557-86c4-3a8d7ff55274","traceId":"b1d3dea9-6f28-4904-a1f7-9bae51771ee2"}
{"level":"error","ts":1783227646.4627197,"msg":"websocket_router.file.FileUploadChunkBinary","error":"session not found: 143b9405-bfe5-4557-86c4-3a8d7ff55274","traceId":"b1d3dea9-6f28-4904-a1f7-9bae51771ee2"}
{"level":"error","ts":1783227647.0741925,"msg":"websocket_router.file.FileUploadChunkBinary","error":"session not found: 82fe43aa-59b2-4a0a-89ef-9a208c13474e","traceId":"b1d3dea9-6f28-4904-a1f7-9bae51771ee2"}
{"level":"error","ts":1783227647.0742493,"msg":"websocket_router.file.FileUploadChunkBinary","error":"session not found: 8af1e792-d216-441a-9753-bf5a8c718541","traceId":"b1d3dea9-6f28-4904-a1f7-9bae51771ee2"}
{"level":"error","ts":1783227647.0742896,"msg":"websocket_router.file.FileUploadChunkBinary","error":"session not found: 2b20d5a8-0a1e-44f8-822e-029e5d8205e5","traceId":"b1d3dea9-6f28-4904-a1f7-9bae51771ee2"}
{"level":"error","ts":1783227647.595983,"msg":"websocket_router.file.FileUploadChunkBinary","error":"session not found: 640a00d3-1699-4f17-8173-6aa006040bbf","traceId":"b1d3dea9-6f28-4904-a1f7-9bae51771ee2"}
{"level":"error","ts":1783227647.6706307,"msg":"websocket_router.file.FileUploadChunkBinary","error":"session not found: 640a00d3-1699-4f17-8173-6aa006040bbf","traceId":"b1d3dea9-6f28-4904-a1f7-9bae51771ee2"}
{"level":"error","ts":1783227647.7262332,"msg":"websocket_router.file.FileUploadChunkBinary","error":"session not found: 640a00d3-1699-4f17-8173-6aa006040bbf","traceId":"b1d3dea9-6f28-4904-a1f7-9bae51771ee2"}
{"level":"error","ts":1783227647.7263272,"msg":"websocket_router.file.FileUploadChunkBinary","error":"session not found: 640a00d3-1699-4f17-8173-6aa006040bbf","traceId":"b1d3dea9-6f28-4904-a1f7-9bae51771ee2"}
{"level":"error","ts":1783227647.7270775,"msg":"websocket_router.file.FileUploadChunkBinary","error":"session not found: 143b9405-bfe5-4557-86c4-3a8d7ff55274","traceId":"b1d3dea9-6f28-4904-a1f7-9bae51771ee2"}
{"level":"error","ts":1783227647.7908201,"msg":"websocket_router.file.FileUploadChunkBinary","error":"session not found: 143b9405-bfe5-4557-86c4-3a8d7ff55274","traceId":"b1d3dea9-6f28-4904-a1f7-9bae51771ee2"}
{"level":"error","ts":1783227647.8503973,"msg":"websocket_router.file.FileUploadChunkBinary","error":"session not found: 2b20d5a8-0a1e-44f8-822e-029e5d8205e5","traceId":"b1d3dea9-6f28-4904-a1f7-9bae51771ee2"}
{"level":"error","ts":1783227647.8806777,"msg":"websocket_router.file.FileUploadChunkBinary","error":"session not found: 53ffd0c0-ea88-478d-83ea-e6ec88142ba1","traceId":"b1d3dea9-6f28-4904-a1f7-9bae51771ee2"}
{"level":"error","ts":1783227647.9312773,"msg":"websocket_router.file.FileUploadChunkBinary","error":"session not found: 53ffd0c0-ea88-478d-83ea-e6ec88142ba1","traceId":"b1d3dea9-6f28-4904-a1f7-9bae51771ee2"}
{"level":"error","ts":1783227648.3754203,"msg":"websocket_router.file.FileUploadChunkBinary","error":"session not found: 640a00d3-1699-4f17-8173-6aa006040bbf","traceId":"b1d3dea9-6f28-4904-a1f7-9bae51771ee2"}
{"level":"error","ts":1783227648.392209,"msg":"websocket_router.file.FileUploadChunkBinary","error":"session not found: 640a00d3-1699-4f17-8173-6aa006040bbf","traceId":"b1d3dea9-6f28-4904-a1f7-9bae51771ee2"}
{"level":"error","ts":1783227648.4199724,"msg":"websocket_router.file.FileUploadChunkBinary","error":"session not found: 143b9405-bfe5-4557-86c4-3a8d7ff55274","traceId":"b1d3dea9-6f28-4904-a1f7-9bae51771ee2"}
{"level":"error","ts":1783227648.4867496,"msg":"websocket_router.file.FileUploadChunkBinary","error":"session not found: 2b20d5a8-0a1e-44f8-822e-029e5d8205e5","traceId":"b1d3dea9-6f28-4904-a1f7-9bae51771ee2"}
{"level":"error","ts":1783227648.5048733,"msg":"websocket_router.file.FileUploadChunkBinary","error":"session not found: 53ffd0c0-ea88-478d-83ea-e6ec88142ba1","traceId":"b1d3dea9-6f28-4904-a1f7-9bae51771ee2"}
{"level":"error","ts":1783227649.401674,"msg":"websocket_router.file.FileUploadChunkBinary","error":"session not found: 2b20d5a8-0a1e-44f8-822e-029e5d8205e5","traceId":"b1d3dea9-6f28-4904-a1f7-9bae51771ee2"}
{"level":"error","ts":1783227649.416621,"msg":"websocket_router.file.FileUploadChunkBinary","error":"session not found: 1469b30c-5cdc-46bf-95a5-58932255c8ed","traceId":"b1d3dea9-6f28-4904-a1f7-9bae51771ee2"}
{"level":"error","ts":1783227649.416983,"msg":"websocket_router.file.FileUploadChunkBinary","error":"session not found: 53ffd0c0-ea88-478d-83ea-e6ec88142ba1","traceId":"b1d3dea9-6f28-4904-a1f7-9bae51771ee2"}
{"level":"error","ts":1783227649.4181905,"msg":"websocket_router.file.FileUploadChunkBinary","error":"session not found: 1469b30c-5cdc-46bf-95a5-58932255c8ed","traceId":"b1d3dea9-6f28-4904-a1f7-9bae51771ee2"}
{"level":"error","ts":1783227650.396746,"msg":"websocket_router.file.FileDelete.Delete","error":"record not found","traceId":"b1d3dea9-6f28-4904-a1f7-9bae51771ee2"}
{"level":"error","ts":1783227651.1462648,"msg":"websocket_router.file.FileUploadChunkBinary","error":"session not found: ea465022-a4b9-488d-bb0b-4b327cbbbfe6","traceId":"b1d3dea9-6f28-4904-a1f7-9bae51771ee2"}
{"level":"error","ts":1783227651.4918497,"msg":"websocket_router.file.FileUploadChunkBinary","error":"session not found: 2b20d5a8-0a1e-44f8-822e-029e5d8205e5","traceId":"b1d3dea9-6f28-4904-a1f7-9bae51771ee2"}
{"level":"error","ts":1783227651.5545077,"msg":"websocket_router.file.FileUploadChunkBinary","error":"session not found: 1469b30c-5cdc-46bf-95a5-58932255c8ed","traceId":"b1d3dea9-6f28-4904-a1f7-9bae51771ee2"}
{"level":"error","ts":1783227651.5865123,"msg":"websocket_router.file.FileUploadChunkBinary","error":"session not found: 1469b30c-5cdc-46bf-95a5-58932255c8ed","traceId":"b1d3dea9-6f28-4904-a1f7-9bae51771ee2"}
{"level":"error","ts":1783227651.9226978,"msg":"websocket_router.file.FileUploadChunkBinary","error":"session not found: ac9b33d9-19f3-42f0-9f0b-227d1debc7a2","traceId":"b1d3dea9-6f28-4904-a1f7-9bae51771ee2"}
{"level":"error","ts":1783227652.3122425,"msg":"websocket_router.file.FileUploadChunkBinary","error":"session not found: c83aa1c9-9369-46e4-8e66-7494ea7145e6","traceId":"b1d3dea9-6f28-4904-a1f7-9bae51771ee2"}
{"level":"error","ts":1783227652.3239698,"msg":"websocket_router.file.FileUploadChunkBinary","error":"session not found: 288aa60a-a5e4-48c9-88a1-31ceadedfc56","traceId":"b1d3dea9-6f28-4904-a1f7-9bae51771ee2"}
{"level":"error","ts":1783227652.3640323,"msg":"websocket_router.file.FileUploadChunkBinary","error":"session not found: 2b20d5a8-0a1e-44f8-822e-029e5d8205e5","traceId":"b1d3dea9-6f28-4904-a1f7-9bae51771ee2"}
{"level":"error","ts":1783227652.4123075,"msg":"websocket_router.file.FileUploadChunkBinary","error":"session not found: 1469b30c-5cdc-46bf-95a5-58932255c8ed","traceId":"b1d3dea9-6f28-4904-a1f7-9bae51771ee2"}
{"level":"error","ts":1783227652.4509764,"msg":"websocket_router.file.FileUploadChunkBinary","error":"session not found: 05f21a0c-f182-4f47-bd0f-cbc6135b06b5","traceId":"b1d3dea9-6f28-4904-a1f7-9bae51771ee2"}
{"level":"error","ts":1783227652.4515092,"msg":"websocket_router.file.FileUploadChunkBinary","error":"session not found: 05f21a0c-f182-4f47-bd0f-cbc6135b06b5","traceId":"b1d3dea9-6f28-4904-a1f7-9bae51771ee2"}
{"level":"error","ts":1783227652.4534335,"msg":"websocket_router.file.FileUploadChunkBinary","error":"session not found: 05f21a0c-f182-4f47-bd0f-cbc6135b06b5","traceId":"b1d3dea9-6f28-4904-a1f7-9bae51771ee2"}
{"level":"error","ts":1783227652.4989305,"msg":"websocket_router.file.FileUploadChunkBinary","error":"session not found: 05f21a0c-f182-4f47-bd0f-cbc6135b06b5","traceId":"b1d3dea9-6f28-4904-a1f7-9bae51771ee2"}
{"level":"error","ts":1783227652.5550275,"msg":"websocket_router.file.FileUploadChunkBinary","error":"session not found: 05f21a0c-f182-4f47-bd0f-cbc6135b06b5","traceId":"b1d3dea9-6f28-4904-a1f7-9bae51771ee2"}
{"level":"error","ts":1783227652.5557697,"msg":"websocket_router.file.FileUploadChunkBinary","error":"session not found: 05f21a0c-f182-4f47-bd0f-cbc6135b06b5","traceId":"b1d3dea9-6f28-4904-a1f7-9bae51771ee2"}
{"level":"error","ts":1783227652.5665152,"msg":"websocket_router.file.FileUploadChunkBinary","error":"session not found: ac9b33d9-19f3-42f0-9f0b-227d1debc7a2","traceId":"b1d3dea9-6f28-4904-a1f7-9bae51771ee2"}
{"level":"error","ts":1783227652.566551,"msg":"websocket_router.file.FileUploadChunkBinary","error":"session not found: 288aa60a-a5e4-48c9-88a1-31ceadedfc56","traceId":"b1d3dea9-6f28-4904-a1f7-9bae51771ee2"}
{"level":"error","ts":1783227652.566562,"msg":"websocket_router.file.FileUploadChunkBinary","error":"session not found: c83aa1c9-9369-46e4-8e66-7494ea7145e6","traceId":"b1d3dea9-6f28-4904-a1f7-9bae51771ee2"}
{"level":"error","ts":1783227652.5665607,"msg":"websocket_router.file.FileUploadChunkBinary","error":"session not found: c83aa1c9-9369-46e4-8e66-7494ea7145e6","traceId":"b1d3dea9-6f28-4904-a1f7-9bae51771ee2"}
{"level":"error","ts":1783227652.5674984,"msg":"websocket_router.file.FileDelete.Delete","error":"record not found","traceId":"b1d3dea9-6f28-4904-a1f7-9bae51771ee2"}
{"level":"error","ts":1783227653.21486,"msg":"websocket_router.file.FileUploadChunkBinary","error":"session not found: a3ef888d-63b0-4769-9912-6f5068a6a624","traceId":"b1d3dea9-6f28-4904-a1f7-9bae51771ee2"}
{"level":"error","ts":1783227653.3743618,"msg":"websocket_router.file.FileUploadChunkBinary","error":"session not found: 1469b30c-5cdc-46bf-95a5-58932255c8ed","traceId":"b1d3dea9-6f28-4904-a1f7-9bae51771ee2"}
{"level":"error","ts":1783227653.4344926,"msg":"websocket_router.file.FileUploadChunkBinary","error":"session not found: 05f21a0c-f182-4f47-bd0f-cbc6135b06b5","traceId":"b1d3dea9-6f28-4904-a1f7-9bae51771ee2"}
{"level":"error","ts":1783227653.4368596,"msg":"websocket_router.file.FileUploadChunkBinary","error":"session not found: 05f21a0c-f182-4f47-bd0f-cbc6135b06b5","traceId":"b1d3dea9-6f28-4904-a1f7-9bae51771ee2"}
{"level":"error","ts":1783227653.464452,"msg":"websocket_router.file.FileUploadChunkBinary","error":"session not found: 05f21a0c-f182-4f47-bd0f-cbc6135b06b5","traceId":"b1d3dea9-6f28-4904-a1f7-9bae51771ee2"}
{"level":"error","ts":1783227653.4657195,"msg":"websocket_router.file.FileUploadChunkBinary","error":"session not found: 05f21a0c-f182-4f47-bd0f-cbc6135b06b5","traceId":"b1d3dea9-6f28-4904-a1f7-9bae51771ee2"}
{"level":"error","ts":1783227653.5467,"msg":"websocket_router.file.FileUploadChunkBinary","error":"session not found: 05f21a0c-f182-4f47-bd0f-cbc6135b06b5","traceId":"b1d3dea9-6f28-4904-a1f7-9bae51771ee2"}
{"level":"error","ts":1783227653.595399,"msg":"websocket_router.file.FileUploadChunkBinary","error":"session not found: 05f21a0c-f182-4f47-bd0f-cbc6135b06b5","traceId":"b1d3dea9-6f28-4904-a1f7-9bae51771ee2"}
{"level":"error","ts":1783227653.5961938,"msg":"websocket_router.file.FileUploadChunkBinary","error":"session not found: ac9b33d9-19f3-42f0-9f0b-227d1debc7a2","traceId":"b1d3dea9-6f28-4904-a1f7-9bae51771ee2"}
{"level":"error","ts":1783227653.6079895,"msg":"websocket_router.file.FileUploadChunkBinary","error":"session not found: edb4443a-e2b5-4592-b9b0-05dd8152df28","traceId":"b1d3dea9-6f28-4904-a1f7-9bae51771ee2"}
{"level":"error","ts":1783227653.9755983,"msg":"websocket_router.file.FileUploadChunkBinary","error":"session not found: cc57f2a2-18f6-4be1-85a1-242dc6020816","traceId":"b1d3dea9-6f28-4904-a1f7-9bae51771ee2"}
{"level":"error","ts":1783227653.9757602,"msg":"websocket_router.file.FileUploadChunkBinary","error":"session not found: cfb9dcd5-9e40-46f9-8e96-7328623149f3","traceId":"b1d3dea9-6f28-4904-a1f7-9bae51771ee2"}
